!!!!!!!!!!!!!!!!!!!!!!!!!!!!!!!!!!!!!!!!
!!!!!!!!!!!!!!!!!!!!!!!!!!!!!!!!!!!!!!!!
!!!!!!!!!!!!!!(!(!(!(!(!(!!!!!!!!!!!!!!!
!!!!!!!!!!!!!!(!"0"0"0"0(!(!(!!!!!!!!!!!
!!!!!!!!(!(!(!(!"0#0#0"0"0"0(!!!!!!!!!!!
!!!!!!!!(!"0"0"0#0#0#0#0(!(!(!!!!!!!!!!!
!!!!!!!!(!"0"0#0#0#0#0#0(!!!!!!!!!!!!!!!
!!!!!!!!(!(!(!(!#0#0#0#0(!(!(!(!!!!!!!!!
!!!!!!!!!!!!!!(!#0#0#0#0#0#0"0(!!!!!!!!!
!!!!!!!!!!!!!!(!#0#0#0#0"0"0"0(!!!!!!!!!
!1!!!1(!(!(!!!(!#0#0#0#0(!(!(!(!!!!!!!!!
!!!!!!(1"0(!(1(1#0#0#0"0(!!!!!!!!!!!!!!!
(!(!(!(!"0"0"0#0#0#0#0"0(!!!!!!!!!!!!!!!
!!!!!!!!!!"0"0"0"0#0#0"0(!!!!!!!!!!!!!!!
{"IsEmpty":false,"X":400,"Y":464}
{"IsEmpty":false,"X":400,"Y":464}
{"IsEmpty":false,"X":400,"Y":432}
{"IsEmpty":false,"X":400,"Y":336}
{"IsEmpty":false,"X":496,"Y":336}
{"IsEmpty":false,"X":496,"Y":240}
{"IsEmpty":false,"X":400,"Y":240}
{"IsEmpty":false,"X":400,"Y":176}
{"IsEmpty":false,"X":464,"Y":176}
{"IsEmpty":false,"X":464,"Y":112}
{"IsEmpty":false,"X":400,"Y":112}
{"IsEmpty":false,"X":400,"Y":80}
{"IsEmpty":false,"X":240,"Y":80}
{"IsEmpty":false,"X":240,"Y":144}
{"IsEmpty":false,"X":144,"Y":144}
{"IsEmpty":false,"X":144,"Y":240}
{"IsEmpty":false,"X":240,"Y":240}
{"IsEmpty":false,"X":240,"Y":368}
{"IsEmpty":false,"X":176,"Y":368}
{"IsEmpty":false,"X":176,"Y":336}
{"IsEmpty":false,"X":112,"Y":336}
{"IsEmpty":false,"X":112,"Y":400}
{"IsEmpty":false,"X":16,"Y":400}
{"IsEmpty":false,"X":-16,"Y":400}
{"IsEmpty":false,"X":-16,"Y":400}
0